Copyright 1986-2017 Xilinx, Inc. All Rights Reserved.
----------------------------------------------------------------------------------------------------------------------------------------------------------------------------------
| Tool Version : Vivado v.2017.4 (lin64) Build 2086221 Fri Dec 15 20:54:30 MST 2017
| Date         : Fri Mar 29 14:28:42 2019
| Host         : Dbrick running 64-bit Antergos Linux
| Command      : report_timing_summary -delay_type min_max -report_unconstrained -check_timing_verbose -max_paths 3 -nworst 3 -name timing_post_route -file timing_post_route.rpt
| Design       : Hamming_encoding_fixpt
| Device       : 7a200tl-fbg676
| Speed File   : -2L  PRODUCTION 1.13 2017-07-26
----------------------------------------------------------------------------------------------------------------------------------------------------------------------------------

Timing Summary Report

------------------------------------------------------------------------------------------------
| Timer Settings
| --------------
------------------------------------------------------------------------------------------------

  Enable Multi Corner Analysis               :  Yes
  Enable Pessimism Removal                   :  Yes
  Pessimism Removal Resolution               :  Nearest Common Node
  Enable Input Delay Default Clock           :  No
  Enable Preset / Clear Arcs                 :  No
  Disable Flight Delays                      :  No
  Ignore I/O Paths                           :  No
  Timing Early Launch at Borrowing Latches   :  false

  Corner  Analyze    Analyze    
  Name    Max Paths  Min Paths  
  ------  ---------  ---------  
  Slow    Yes        Yes        
  Fast    Yes        Yes        



check_timing report

Table of Contents
-----------------
1. checking no_clock
2. checking constant_clock
3. checking pulse_width_clock
4. checking unconstrained_internal_endpoints
5. checking no_input_delay
6. checking no_output_delay
7. checking multiple_clock
8. checking generated_clocks
9. checking loops
10. checking partial_input_delay
11. checking partial_output_delay
12. checking latch_loops

1. checking no_clock
--------------------
 There are 0 register/latch pins with no clock.


2. checking constant_clock
--------------------------
 There are 0 register/latch pins with constant_clock.


3. checking pulse_width_clock
-----------------------------
 There are 0 register/latch pins which need pulse_width check


4. checking unconstrained_internal_endpoints
--------------------------------------------
 There are 0 pins that are not constrained for maximum delay.

 There are 0 pins that are not constrained for maximum delay due to constant clock.


5. checking no_input_delay
--------------------------
 There are 0 input ports with no input delay specified.

 There are 0 input ports with no input delay but user has a false path constraint.


6. checking no_output_delay
---------------------------
 There are 0 ports with no output delay specified.

 There are 0 ports with no output delay but user has a false path constraint

 There are 0 ports with no output delay but with a timing clock defined on it or propagating through it


7. checking multiple_clock
--------------------------
 There are 0 register/latch pins with multiple clocks.


8. checking generated_clocks
----------------------------
 There are 0 generated clocks that are not connected to a clock source.


9. checking loops
-----------------
 There are 0 combinational loops in the design.


10. checking partial_input_delay
--------------------------------
 There are 0 input ports with partial input delay specified.


11. checking partial_output_delay
---------------------------------
 There are 0 ports with partial output delay specified.


12. checking latch_loops
------------------------
 There are 0 combinational latch loops in the design through latch input



------------------------------------------------------------------------------------------------
| Design Timing Summary
| ---------------------
------------------------------------------------------------------------------------------------

    WNS(ns)      TNS(ns)  TNS Failing Endpoints  TNS Total Endpoints      WHS(ns)      THS(ns)  THS Failing Endpoints  THS Total Endpoints     WPWS(ns)     TPWS(ns)  TPWS Failing Endpoints  TPWS Total Endpoints  
    -------      -------  ---------------------  -------------------      -------      -------  ---------------------  -------------------     --------     --------  ----------------------  --------------------  
        inf        0.000                      0                   12          inf        0.000                      0                   12           NA           NA                      NA                    NA  


There are no user specified timing constraints.


------------------------------------------------------------------------------------------------
| Clock Summary
| -------------
------------------------------------------------------------------------------------------------


------------------------------------------------------------------------------------------------
| Intra Clock Table
| -----------------
------------------------------------------------------------------------------------------------

Clock             WNS(ns)      TNS(ns)  TNS Failing Endpoints  TNS Total Endpoints      WHS(ns)      THS(ns)  THS Failing Endpoints  THS Total Endpoints     WPWS(ns)     TPWS(ns)  TPWS Failing Endpoints  TPWS Total Endpoints  
-----             -------      -------  ---------------------  -------------------      -------      -------  ---------------------  -------------------     --------     --------  ----------------------  --------------------  


------------------------------------------------------------------------------------------------
| Inter Clock Table
| -----------------
------------------------------------------------------------------------------------------------

From Clock    To Clock          WNS(ns)      TNS(ns)  TNS Failing Endpoints  TNS Total Endpoints      WHS(ns)      THS(ns)  THS Failing Endpoints  THS Total Endpoints  
----------    --------          -------      -------  ---------------------  -------------------      -------      -------  ---------------------  -------------------  


------------------------------------------------------------------------------------------------
| Other Path Groups Table
| -----------------------
------------------------------------------------------------------------------------------------

Path Group    From Clock    To Clock          WNS(ns)      TNS(ns)  TNS Failing Endpoints  TNS Total Endpoints      WHS(ns)      THS(ns)  THS Failing Endpoints  THS Total Endpoints  
----------    ----------    --------          -------      -------  ---------------------  -------------------      -------      -------  ---------------------  -------------------  


------------------------------------------------------------------------------------------------
| User Ignored Path Table
| -----------------------
------------------------------------------------------------------------------------------------

Path Group    From Clock    To Clock    
----------    ----------    --------    


------------------------------------------------------------------------------------------------
| Unconstrained Path Table
| ------------------------
------------------------------------------------------------------------------------------------

Path Group    From Clock    To Clock    
----------    ----------    --------    
(none)                                    


------------------------------------------------------------------------------------------------
| Timing Details
| --------------
------------------------------------------------------------------------------------------------


--------------------------------------------------------------------------------------
Path Group:  (none)
From Clock:  
  To Clock:  

Max Delay            12 Endpoints
Min Delay            12 Endpoints
--------------------------------------------------------------------------------------


Max Delay Paths
--------------------------------------------------------------------------------------
Slack:                    inf
  Source:                 data[3]
                            (input port)
  Destination:            out_encoded[1]
                            (output port)
  Path Group:             (none)
  Path Type:              Max at Slow Process Corner
  Data Path Delay:        7.822ns  (logic 4.052ns (51.796%)  route 3.771ns (48.204%))
  Logic Levels:           3  (IBUF=1 LUT5=1 OBUF=1)

    Location             Delay type                Incr(ns)  Path(ns)    Netlist Resource(s)
  -------------------------------------------------------------------    -------------------
    R22                                               0.000     0.000 r  data[3] (IN)
                         net (fo=0)                   0.000     0.000    data[3]
    R22                  IBUF (Prop_ibuf_I_O)         1.017     1.017 r  data_IBUF[3]_inst/O
                         net (fo=4, routed)           2.057     3.074    out_encoded_OBUF[6]
    SLICE_X0Y109         LUT5 (Prop_lut5_I0_O)        0.148     3.222 r  out_encoded_OBUF[1]_inst_i_1/O
                         net (fo=1, routed)           1.713     4.936    out_encoded_OBUF[1]
    M26                  OBUF (Prop_obuf_I_O)         2.887     7.822 r  out_encoded_OBUF[1]_inst/O
                         net (fo=0)                   0.000     7.822    out_encoded[1]
    M26                                                               r  out_encoded[1] (OUT)
  -------------------------------------------------------------------    -------------------

Slack:                    inf
  Source:                 data[3]
                            (input port)
  Destination:            out_encoded[1]
                            (output port)
  Path Group:             (none)
  Path Type:              Max at Slow Process Corner
  Data Path Delay:        7.822ns  (logic 4.052ns (51.796%)  route 3.771ns (48.204%))
  Logic Levels:           3  (IBUF=1 LUT5=1 OBUF=1)

    Location             Delay type                Incr(ns)  Path(ns)    Netlist Resource(s)
  -------------------------------------------------------------------    -------------------
    R22                                               0.000     0.000 f  data[3] (IN)
                         net (fo=0)                   0.000     0.000    data[3]
    R22                  IBUF (Prop_ibuf_I_O)         1.017     1.017 f  data_IBUF[3]_inst/O
                         net (fo=4, routed)           2.057     3.074    out_encoded_OBUF[6]
    SLICE_X0Y109         LUT5 (Prop_lut5_I0_O)        0.148     3.222 r  out_encoded_OBUF[1]_inst_i_1/O
                         net (fo=1, routed)           1.713     4.936    out_encoded_OBUF[1]
    M26                  OBUF (Prop_obuf_I_O)         2.887     7.822 r  out_encoded_OBUF[1]_inst/O
                         net (fo=0)                   0.000     7.822    out_encoded[1]
    M26                                                               r  out_encoded[1] (OUT)
  -------------------------------------------------------------------    -------------------

Slack:                    inf
  Source:                 data[3]
                            (input port)
  Destination:            out_encoded[1]
                            (output port)
  Path Group:             (none)
  Path Type:              Max at Slow Process Corner
  Data Path Delay:        7.822ns  (logic 4.052ns (51.796%)  route 3.771ns (48.204%))
  Logic Levels:           3  (IBUF=1 LUT5=1 OBUF=1)

    Location             Delay type                Incr(ns)  Path(ns)    Netlist Resource(s)
  -------------------------------------------------------------------    -------------------
    R22                                               0.000     0.000 r  data[3] (IN)
                         net (fo=0)                   0.000     0.000    data[3]
    R22                  IBUF (Prop_ibuf_I_O)         1.017     1.017 r  data_IBUF[3]_inst/O
                         net (fo=4, routed)           2.057     3.074    out_encoded_OBUF[6]
    SLICE_X0Y109         LUT5 (Prop_lut5_I0_O)        0.148     3.222 f  out_encoded_OBUF[1]_inst_i_1/O
                         net (fo=1, routed)           1.713     4.936    out_encoded_OBUF[1]
    M26                  OBUF (Prop_obuf_I_O)         2.887     7.822 f  out_encoded_OBUF[1]_inst/O
                         net (fo=0)                   0.000     7.822    out_encoded[1]
    M26                                                               f  out_encoded[1] (OUT)
  -------------------------------------------------------------------    -------------------





Min Delay Paths
--------------------------------------------------------------------------------------
Slack:                    inf
  Source:                 data[0]
                            (input port)
  Destination:            out_encoded[2]
                            (output port)
  Path Group:             (none)
  Path Type:              Min at Fast Process Corner
  Data Path Delay:        2.431ns  (logic 1.662ns (68.355%)  route 0.769ns (31.645%))
  Logic Levels:           2  (IBUF=1 OBUF=1)

    Location             Delay type                Incr(ns)  Path(ns)    Netlist Resource(s)
  -------------------------------------------------------------------    -------------------
    R18                                               0.000     0.000 r  data[0] (IN)
                         net (fo=0)                   0.000     0.000    data[0]
    R18                  IBUF (Prop_ibuf_I_O)         0.383     0.383 r  data_IBUF[0]_inst/O
                         net (fo=3, routed)           0.769     1.152    out_encoded_OBUF[2]
    N26                  OBUF (Prop_obuf_I_O)         1.279     2.431 r  out_encoded_OBUF[2]_inst/O
                         net (fo=0)                   0.000     2.431    out_encoded[2]
    N26                                                               r  out_encoded[2] (OUT)
  -------------------------------------------------------------------    -------------------

Slack:                    inf
  Source:                 data[0]
                            (input port)
  Destination:            out_encoded[2]
                            (output port)
  Path Group:             (none)
  Path Type:              Min at Fast Process Corner
  Data Path Delay:        2.431ns  (logic 1.662ns (68.355%)  route 0.769ns (31.645%))
  Logic Levels:           2  (IBUF=1 OBUF=1)

    Location             Delay type                Incr(ns)  Path(ns)    Netlist Resource(s)
  -------------------------------------------------------------------    -------------------
    R18                                               0.000     0.000 f  data[0] (IN)
                         net (fo=0)                   0.000     0.000    data[0]
    R18                  IBUF (Prop_ibuf_I_O)         0.383     0.383 f  data_IBUF[0]_inst/O
                         net (fo=3, routed)           0.769     1.152    out_encoded_OBUF[2]
    N26                  OBUF (Prop_obuf_I_O)         1.279     2.431 f  out_encoded_OBUF[2]_inst/O
                         net (fo=0)                   0.000     2.431    out_encoded[2]
    N26                                                               f  out_encoded[2] (OUT)
  -------------------------------------------------------------------    -------------------

Slack:                    inf
  Source:                 data[2]
                            (input port)
  Destination:            out_encoded[5]
                            (output port)
  Path Group:             (none)
  Path Type:              Min at Fast Process Corner
  Data Path Delay:        2.461ns  (logic 1.677ns (68.143%)  route 0.784ns (31.857%))
  Logic Levels:           2  (IBUF=1 OBUF=1)

    Location             Delay type                Incr(ns)  Path(ns)    Netlist Resource(s)
  -------------------------------------------------------------------    -------------------
    T23                                               0.000     0.000 r  data[2] (IN)
                         net (fo=0)                   0.000     0.000    data[2]
    T23                  IBUF (Prop_ibuf_I_O)         0.438     0.438 r  data_IBUF[2]_inst/O
                         net (fo=3, routed)           0.784     1.222    out_encoded_OBUF[5]
    R21                  OBUF (Prop_obuf_I_O)         1.239     2.461 r  out_encoded_OBUF[5]_inst/O
                         net (fo=0)                   0.000     2.461    out_encoded[5]
    R21                                                               r  out_encoded[5] (OUT)
  -------------------------------------------------------------------    -------------------





